// Generated using SwiftGen, by O.Halligon â€” https://github.com/AliSoftware/SwiftGen

enum L10n {
    case Title
    case Greetings(String, Int)
}

extension L10n : CustomStringConvertible {
    var description : String { return self.string }

    var string : String {
        switch self {
            case .Title:
                return L10n.tr("Title")
            case .Greetings(let p0, let p1):
                return L10n.tr("Greetings", p0, p1)
        }
    }

    private static func tr(key: String, _ args: CVarArgType...) -> String {
        let format = NSLocalizedString(key, comment: "")
        return String(format: format, arguments: args)
    }
}

func tr(key: L10n) -> String {
    return key.string
}
