// Generated using SwiftGen, by O.Halligon â€” https://github.com/AliSoftware/SwiftGen

import UIKit

extension UIColor {
  convenience init(rgbaValue: UInt32) {
    let red   = CGFloat((rgbaValue >> 24) & 0xff) / 255.0
    let green = CGFloat((rgbaValue >> 16) & 0xff) / 255.0
    let blue  = CGFloat((rgbaValue >>  8) & 0xff) / 255.0
    let alpha = CGFloat((rgbaValue      ) & 0xff) / 255.0

    self.init(red: red, green: green, blue: blue, alpha: alpha)
  }
}

extension UIColor {
  enum Name : UInt32 {
    case ArticleBackground = 0xffcc0099
    case ArticleTitle = 0x996600ff
    case TextColor = 0x999999ff
  }

  convenience init(named name: Name) {
    self.init(rgbaValue: name.rawValue)
  }
}
