// Generated using SwiftGen, by O.Halligon â€” https://github.com/AliSoftware/SwiftGen

import UIKit

extension UIColor {
  convenience init(rgbaValue: UInt32) {
    let red   = CGFloat((rgbaValue >> 24) & 0xff) / 255.0
    let green = CGFloat((rgbaValue >> 16) & 0xff) / 255.0
    let blue  = CGFloat((rgbaValue >>  8) & 0xff) / 255.0
    let alpha = CGFloat((rgbaValue      ) & 0xff) / 255.0

    self.init(red: red, green: green, blue: blue, alpha: alpha)
  }
}

extension UIColor {
  enum Name {
    case ArticleBackground
    case ArticleTitle
    case Text_Body_Color

    static let rgbaValues: [Name:UInt32] = [
      .ArticleBackground : 0xffcc0099,
      .ArticleTitle : 0x996600ff,
      .Text_Body_Color : 0x999999ff,
    ]

    var rgbaValue: UInt32! {
      return Name.rgbaValues[self]
    }
  }

  convenience init(named name: Name) {
    self.init(rgbaValue: name.rgbaValue)
  }
}
