// Generated using SwiftGen, by O.Halligon â€” https://github.com/AliSoftware/SwiftGen

import Foundation
import CoreData

// swiftlint:disable file_length
// swiftlint:disable type_body_length
extension NumericTypesClass {
   public class var entityName: String {
      return "NumericTypes"
   }

   @nonobjc public class func fetchRequest() -> NSFetchRequest<NumericTypesClass> {
       return NSFetchRequest<NumericTypesClass>(entityName: self.entityName)
   }

   @NSManaged public var boolean: NSNumber?
   @NSManaged public var decimal: NSDecimalNumber?
   @NSManaged public var double: NSNumber?
   @NSManaged public var float: NSNumber?
   @NSManaged public var int16: NSNumber?
   @NSManaged public var int32: NSNumber?
   @NSManaged public var int64: NSNumber?

   @NSManaged public var scalars: ScalarTypesClass
}
