// Generated using SwiftGen, by O.Halligon â€” https://github.com/AliSoftware/SwiftGen

import Foundation

@objc(AllTypesClass)
public class AllTypesClass: _AllTypesClass {
}
