// Generated using SwiftGen, by O.Halligon â€” https://github.com/AliSoftware/SwiftGen

import Foundation
import CoreData

@objc(AllTypesClass)
public class AllTypesClass: NumericTypesClass {
}
