// Generated using SwiftGen, by O.Halligon â€” https://github.com/AliSoftware/SwiftGen

import Foundation
import UIKit

extension UIImage {
    enum Asset : String {
        case GreenApple = "Green_Apple"
        case RedApple = "Red_Apple"
        case _2Pears = "2 pears"

        var image: UIImage {
            return UIImage(asset: self)
        }
    }

    convenience init!(asset: Asset) {
        self.init(named: asset.rawValue)
    }
}
