// Generated using SwiftGen, by O.Halligon â€” https://github.com/AliSoftware/SwiftGen

import Foundation
import UIKit

protocol StoryboardScene {
  static var storyboardName : String { get }
}

extension StoryboardScene {
  static func storyboard() -> UIStoryboard {
    return UIStoryboard(name: self.storyboardName, bundle: nil)
  }

  static func initialViewController() -> UIViewController {
    return storyboard().instantiateInitialViewController()!
  }
}

extension StoryboardScene where Self: RawRepresentable, Self.RawValue == String {
  func viewController() -> UIViewController {
    return Self.storyboard().instantiateViewControllerWithIdentifier(self.rawValue)
  }
  static func viewController(identifier: Self) -> UIViewController {
    return identifier.viewController()
  }
}

protocol StoryboardSegue : RawRepresentable { }
protocol StoryboardCell : RawRepresentable { }

extension UIViewController {
  func performSegue<S : StoryboardSegue where S.RawValue == String>(segue: S, sender: AnyObject? = nil) {
    performSegueWithIdentifier(segue.rawValue, sender: sender)
  }
}

extension UICollectionView {
  func dequeueReusableCellWithReuseIdentifier<C : StoryboardCell where C.RawValue == String>(identifier: C,
      forIndexPath indexPath: NSIndexPath) -> UICollectionViewCell {
    return dequeueReusableCellWithReuseIdentifier(identifier.rawValue, forIndexPath: indexPath)
  }
}

// No storyboard found
