// Generated using SwiftGen, by O.Halligon â€” https://github.com/AliSoftware/SwiftGen

import Foundation

enum L10n {
    case APP_TITLE
    case GREETINGS_AND_AGE(String, Int)
}

extension L10n : CustomStringConvertible {
    var description : String { return self.string }

    var string : String {
        switch self {
            case .APP_TITLE:
                return L10n.tr("APP_TITLE")
            case .GREETINGS_AND_AGE(let p0, let p1):
                return L10n.tr("GREETINGS_AND_AGE", p0, p1)
        }
    }

    private static func tr(key: String, _ args: CVarArgType...) -> String {
        let format = NSLocalizedString(key, comment: "")
        return String(format: format, arguments: args)
    }
}

func tr(key: L10n) -> String {
    return key.string
}
