// Generated using SwiftGen, by O.Halligon â€” https://github.com/AliSoftware/SwiftGen

import Foundation

protocol Localizable: CustomStringConvertible {
  static var tableName: String { get }
  var localized: String { get }
}

extension Localizable {
  var description: String { get { return self.localized } }
}

struct XCTLoc {
  static func tr(table: String, _ key: String, _ params: CVarArgType...) -> String {
    let format = NSLocalizedString(key, tableName: table, comment: "")
    return params.count == 0 ? format : String(format: format, args: params)
  }

  enum LocalizableTable: Localizable {
    static let tableName = "Localizable"

    /// Title of the alert
    case AlertTitle
    /// Some alert body there
    case AlertMessage
    /// Hello, my name is %@ and I'm %d
    case Greetings(String, Int)
    /// You have %d apples
    case ApplesCount(Int)
    /// Those %d bananas belong to %@.
    case BananasOwner(Int, String)
    /// These are %3$@'s %1$d %2$@.
    case ObjectOwnership(Int, String, String)

    var localized: String {
      switch self {
        case .AlertTitle:
        return XCTLoc.tr(LocalizableTable.tableName, "alert_title")
        case .AlertMessage:
        return XCTLoc.tr(LocalizableTable.tableName, "alert_message")
        case .Greetings(let p0, let p1):
        return XCTLoc.tr(LocalizableTable.tableName, "greetings", p0, p1)
        case .ApplesCount(let p0):
        return XCTLoc.tr(LocalizableTable.tableName, "apples.count", p0)
        case .BananasOwner(let p0, let p1):
        return XCTLoc.tr(LocalizableTable.tableName, "bananas.owner", p0, p1)
        case .ObjectOwnership(let p0, let p1, let p2):
        return XCTLoc.tr(LocalizableTable.tableName, "object.ownership", p0, p1, p2)
      }
    }
  }
}

func tr(key: Localizable) -> String { return key.localized }
func tr(key: XCTLoc.LocalizableTable) -> String { return key.localized }
