// Generated using SwiftGen, by O.Halligon â€” https://github.com/AliSoftware/SwiftGen

import Foundation

// swiftlint:disable file_length
// swiftlint:disable line_length

// swiftlint:disable type_body_length
// swiftlint:disable nesting
// swiftlint:disable variable_name
// swiftlint:disable valid_docs

struct L10n {
  /// Some alert body there
  static let alertMessage = L10n.tr("alert_message")
  /// Title of the alert
  static let alertTitle = L10n.tr("alert_title")
  /// Hello, my name is %@ and I'm %d
  static func greetings(p0: String, p1: Int) -> String {
    return L10n.tr("greetings", p0, p1)
  }
  /// These are %3$@'s %1$d %2$@.
  static func objectOwnership(p0: Int, p1: String, p2: String) -> String {
    return L10n.tr("ObjectOwnership", p0, p1, p2)
  }

  struct Apples {
    /// You have %d apples
    static func count(p0: Int) -> String {
      return L10n.tr("apples.count", p0)
    }
  }

  struct Bananas {
    /// Those %d bananas belong to %@.
    static func owner(p0: Int, p1: String) -> String {
      return L10n.tr("bananas.owner", p0, p1)
    }
  }

  struct Settings {

    struct NavigationBar {
      /// Some Reserved Keyword there
      static let `self` = L10n.tr("settings.navigation-bar.self")

      struct Title {

        struct Even {
          /// Settings
          static let deeper = L10n.tr("settings.navigation-bar.title.even.deeper")

          struct Deeper {

            struct Than {
              /// DeepSettings
              static let weCanHandle = L10n.tr("settings.navigation-bar.title.even.deeper.than.we.can.handle")
            }
          }
        }
      }
    }

    struct UserProfileSection {
      /// Here you can change some user profile settings.
      static let footerText = L10n.tr("seTTings.uSer-proFile-sectioN.footer_text")
      /// User Profile Settings
      static let headertitle = L10n.tr("SETTINGS.USER_PROFILE_SECTION.HEADER_TITLE")
    }
  }
}

extension L10n {
  fileprivate static func tr(_ key: String, _ args: CVarArg...) -> String {
    let format = NSLocalizedString(key, comment: "")
    return String(format: format, locale: Locale.current, arguments: args)
  }
}

// swiftlint:enable type_body_length
// swiftlint:enable nesting
// swiftlint:enable variable_name
// swiftlint:enable valid_docs
