// Generated using SwiftGen, by O.Halligon â€” https://github.com/AliSoftware/SwiftGen

import Foundation

// swiftlint:disable file_length
// swiftlint:disable type_body_length
enum L10n {
  /// Title of the alert
  case AlertTitle
  /// Some alert body there
  case AlertMessage
  /// Hello, my name is %@ and I'm %d
  case Greetings(String, Int)
  /// You have %d apples
  case ApplesCount(Int)
  /// Those %d bananas belong to %@.
  case BananasOwner(Int, String)
  /// These are %3$@'s %1$d %2$@.
  case ObjectOwnership(Int, String, String)
  /// Settings
  case SettingsNavigationBarTitleEvenDeeper
  /// User Profile Settings
  case SETTINGSUSERPROFILESECTIONHEADERTITLE
  /// Here you can change some user profile settings.
  case SeTTingsUSerProFileSectioNFooterText
}
// swiftlint:enable type_body_length

extension L10n: CustomStringConvertible {
  var description: String { return self.string }

  var string: String {
    switch self {
      case .AlertTitle:
        return L10n.tr(key: "alert_title")
      case .AlertMessage:
        return L10n.tr(key: "alert_message")
      case .Greetings(let p0, let p1):
        return L10n.tr(key: "greetings", p0, p1)
      case .ApplesCount(let p0):
        return L10n.tr(key: "apples.count", p0)
      case .BananasOwner(let p0, let p1):
        return L10n.tr(key: "bananas.owner", p0, p1)
      case .ObjectOwnership(let p0, let p1, let p2):
        return L10n.tr(key: "object.ownership", p0, p1, p2)
      case .SettingsNavigationBarTitleEvenDeeper:
        return L10n.tr(key: "settings.navigation-bar.title.even.deeper")
      case .SETTINGSUSERPROFILESECTIONHEADERTITLE:
        return L10n.tr(key: "SETTINGS.USER_PROFILE_SECTION.HEADER_TITLE")
      case .SeTTingsUSerProFileSectioNFooterText:
        return L10n.tr(key: "seTTings.uSer-proFile-sectioN.footer_text")
    }
  }

  private static func tr(key: String, _ args: CVarArg...) -> String {
    let format = NSLocalizedString(key, comment: "")
    return String(format: format, locale: NSLocale.current(), arguments: args)
  }
}

func tr(key: L10n) -> String {
  return key.string
}
