// Generated using SwiftGen, by O.Halligon â€” https://github.com/AliSoftware/SwiftGen

import Foundation

// swiftlint:disable file_length
// swiftlint:disable line_length

// swiftlint:disable type_body_length
enum L10n {
  /// multi\nline
  case MULTILINE
  /// another\nmulti\n    line
  case MULTILINE2
  /// single line
  case SINGLELINE
  /// another single line
  case SINGLELINE2
  /// test
  case MultiLineNKey
}
// swiftlint:enable type_body_length

extension L10n: CustomStringConvertible {
  var description: String { return self.string }

  var string: String {
    switch self {
      case .MULTILINE:
        return L10n.tr("MULTILINE")
      case .MULTILINE2:
        return L10n.tr("MULTILINE2")
      case .SINGLELINE:
        return L10n.tr("SINGLELINE")
      case .SINGLELINE2:
        return L10n.tr("SINGLELINE2")
      case .MultiLineNKey:
        return L10n.tr("multiLine\nKey")
    }
  }

  private static func tr(key: String, _ args: CVarArgType...) -> String {
    let format = NSLocalizedString(key, comment: "")
    return String(format: format, locale: NSLocale.currentLocale(), arguments: args)
  }
}

func tr(key: L10n) -> String {
  return key.string
}
